// Jest Snapshot v1, https://goo.gl/fbAQLP

exports[`Stupid Test should behave... 1`] = `
<h1>
  Hello World
</h1>
`;
